// Jest Snapshot v1, https://goo.gl/fbAQLP

exports[`SectionSlider should render correctly 1`] = `
<Fragment>
  <div
    className="buttonWrapper"
  >
    <LeftArrow
      className="arrowBtn btnDisabled"
      onClick={[Function]}
    />
    <RightArrow
      className="arrowBtn"
      onClick={[Function]}
    />
  </div>
  <div
    className="tileContainer displayBox"
    onTouchEnd={[Function]}
    onTouchStart={[Function]}
  >
    <SectionTile
      additionalStyles={
        Object {
          "offScreenTileLeft": false,
          "offScreenTileRight": false,
          "setWidth": true,
          "tileOnScreen": true,
        }
      }
      border={true}
      key="0"
    >
      <p
        key="1"
      >
        hello world
      </p>
    </SectionTile>
    <SectionTile
      additionalStyles={
        Object {
          "offScreenTileLeft": false,
          "offScreenTileRight": true,
          "setWidth": true,
          "tileOnScreen": false,
        }
      }
      border={true}
      key="1"
    >
      <p
        key="2"
      >
        goodbye world
      </p>
    </SectionTile>
  </div>
</Fragment>
`;

exports[`SectionSlider when clicking the right arrow and then clicking it again should render correctly 1`] = `
<Fragment>
  <div
    className="buttonWrapper"
  >
    <LeftArrow
      className="arrowBtn"
      onClick={[Function]}
    />
    <RightArrow
      className="arrowBtn btnDisabled"
      onClick={[Function]}
    />
  </div>
  <div
    className="tileContainer displayBox"
    onTouchEnd={[Function]}
    onTouchStart={[Function]}
  >
    <SectionTile
      additionalStyles={
        Object {
          "offScreenTileLeft": true,
          "offScreenTileRight": false,
          "setWidth": true,
          "tileOnScreen": false,
        }
      }
      border={true}
      key="0"
    >
      <p
        key="1"
      >
        hello world
      </p>
    </SectionTile>
    <SectionTile
      additionalStyles={
        Object {
          "offScreenTileLeft": false,
          "offScreenTileRight": false,
          "setWidth": true,
          "tileOnScreen": true,
        }
      }
      border={true}
      key="1"
    >
      <p
        key="2"
      >
        goodbye world
      </p>
    </SectionTile>
  </div>
</Fragment>
`;

exports[`SectionSlider when clicking the right arrow and then clicking the left arrow and then clicking it again should render correctly 1`] = `
<Fragment>
  <div
    className="buttonWrapper"
  >
    <LeftArrow
      className="arrowBtn btnDisabled"
      onClick={[Function]}
    />
    <RightArrow
      className="arrowBtn"
      onClick={[Function]}
    />
  </div>
  <div
    className="tileContainer displayBox"
    onTouchEnd={[Function]}
    onTouchStart={[Function]}
  >
    <SectionTile
      additionalStyles={
        Object {
          "offScreenTileLeft": false,
          "offScreenTileRight": false,
          "setWidth": true,
          "tileOnScreen": true,
        }
      }
      border={true}
      key="0"
    >
      <p
        key="1"
      >
        hello world
      </p>
    </SectionTile>
    <SectionTile
      additionalStyles={
        Object {
          "offScreenTileLeft": false,
          "offScreenTileRight": true,
          "setWidth": true,
          "tileOnScreen": false,
        }
      }
      border={true}
      key="1"
    >
      <p
        key="2"
      >
        goodbye world
      </p>
    </SectionTile>
  </div>
</Fragment>
`;
