// Jest Snapshot v1, https://goo.gl/fbAQLP

exports[`<SocialMedia/> should render correctly 1`] = `
<div
  className="socialContainer flexCenter"
>
  <a
    aria-label="A link to my LinkedIn page"
    className="socialLink"
    href="https://www.linkedin.com/in/oliver-wilson-profile/"
    rel="noopener noreferrer"
    target="_blank"
  >
    <LinkedIn
      className="socialLogo"
    />
  </a>
  <a
    aria-label="A link to my Github page"
    className="socialLink"
    href="https://github.com/oliver-wilson-dev/"
    rel="noopener noreferrer"
    target="_blank"
  >
    <Github
      className="socialLogo"
    />
  </a>
  <a
    aria-label="My email address"
    className="socialLink"
    href="mailto:contact@oliverwilson.dev"
  >
    <Email
      className="socialLogo"
    />
  </a>
</div>
`;
