// Jest Snapshot v1, https://goo.gl/fbAQLP

exports[`<Footer/> should render correctly 1`] = `
<footer
  className="flexCenter container"
>
  <div
    className="textContainer"
  >
    <span
      className="footerDisclaimerText"
    >
      By using this site you agree to our cookie policy.
       
      <button
        className="buttonLink"
        onClick={[MockFunction]}
        type="button"
      >
        <span
          className="buttonLinkText"
        >
          Read the cookie policy here
        </span>
        <span>
          .
        </span>
      </button>
    </span>
    <span
      className="footerDisclaimerText"
    >
      Icons made by
       
      <a
        href="https://www.flaticon.com/authors/freepik"
        title="Freepik"
      >
        Freepik
      </a>
       
      from
       
      <a
        href="https://www.flaticon.com/"
        title="Flaticon"
      >
        www.flaticon.com
      </a>
    </span>
    <span
      className="footerDisclaimerText"
    >
      The code for this website can be found on
       
      <a
        href="https://github.com/oliver-wilson-dev/personal-website"
        rel="noopener noreferrer"
        target="_blank"
      >
        github
      </a>
      .
    </span>
    <span
      className="footerDisclaimerText"
    >
      Â©
       
      1996
       
      Oliver Wilson
    </span>
  </div>
  <SocialMedia />
</footer>
`;
