// Jest Snapshot v1, https://goo.gl/fbAQLP

exports[`<SectionTile/> should render correctly 1`] = `
<SectionTile
  title="test-title"
>
  <div
    className="landingBlurb displayBox displayBoxBorder"
  >
    <div
      aria-hidden={false}
      className="textContainer"
      tabIndex={-1}
    >
      <p>
        this is some content
      </p>
    </div>
  </div>
</SectionTile>
`;

exports[`<SectionTile/> when the display box content should be expandable and the section is expanded should render correctly 1`] = `
<SectionTile
  title="test-title"
>
  <div
    className="landingBlurb displayBox displayBoxBorder displayBoxExpanded"
  >
    <button
      aria-expanded={true}
      aria-label="click to minimise this section"
      className="collapseExpand"
      onClick={[Function]}
      type="button"
    >
      <span>
        <MinusIcon
          className="icon"
        />
      </span>
    </button>
    <div
      aria-hidden={false}
      className="textContainer"
      tabIndex={-1}
    >
      <p>
        this is some content
      </p>
    </div>
  </div>
</SectionTile>
`;

exports[`<SectionTile/> when the display box content should be expandable should render an expandable button 1`] = `
<SectionTile
  title="test-title"
>
  <div
    className="landingBlurb displayBox displayBoxBorder blurBottom"
  >
    <button
      aria-expanded={false}
      aria-label="click to expand this section to reveal more content"
      className="collapseExpand"
      onClick={[Function]}
      type="button"
    >
      <span>
        <PlusIcon
          className="icon"
        />
      </span>
    </button>
    <div
      aria-hidden={true}
      className="textContainer"
      tabIndex={-1}
    >
      <p>
        this is some content
      </p>
    </div>
  </div>
</SectionTile>
`;
