// Jest Snapshot v1, https://goo.gl/fbAQLP

exports[`<Contact/> component should match snapshot 1`] = `
<Section
  title="test-title"
>
  <div
    aria-label="my email address is test-email"
  >
    <h4
      aria-hidden={true}
      className="contactDetail"
    >
      Email:
    </h4>
    <span
      aria-hidden={true}
    >
      test-email
    </span>
  </div>
</Section>
`;
